// Jest Snapshot v1, https://goo.gl/fbAQLP

exports[`Renders markdown 1`] = `
"# Hello

This is markdown printed in the terminal"
`;
